// Jest Snapshot v1, https://goo.gl/fbAQLP

exports[`should have a styles and layout like the snapshot 1`] = `
<ul
  class="app-item-list"
  label="todo list of items"
>
  <li
    class="todo-item"
    data-key="0"
  >
    <button
      class="toggle-button"
      type="button"
    >
      <img
        src="./assets/checkmark.svg"
      />
    </button>
    <div
      class="editable-label"
      contenteditable="true"
    >
      Clean dishes
    </div>
    <button
      class="close-button"
      type="button"
    >
      <img
        src="../assets/close.svg"
      />
    </button>
  </li>
  <li
    class="todo-item"
    data-key="12"
  >
    <button
      class="toggle-button"
      type="button"
    />
    <div
      class="editable-label"
      contenteditable="true"
    >
      garbage can
    </div>
    <button
      class="close-button"
      type="button"
    >
      <img
        src="../assets/close.svg"
      />
    </button>
  </li>
  <li
    class="todo-item"
    data-key="13"
  >
    <button
      class="toggle-button"
      type="button"
    />
    <div
      class="editable-label"
      contenteditable="true"
    >
      organizer
    </div>
    <button
      class="close-button"
      type="button"
    >
      <img
        src="../assets/close.svg"
      />
    </button>
  </li>
  <li
    class="todo-item"
    data-key="14"
  >
    <button
      class="toggle-button"
      type="button"
    >
      <img
        src="./assets/checkmark.svg"
      />
    </button>
    <div
      class="editable-label"
      contenteditable="true"
    >
      teddy beaber
    </div>
    <button
      class="close-button"
      type="button"
    >
      <img
        src="../assets/close.svg"
      />
    </button>
  </li>
  <li
    class="todo-item"
    data-key="111"
  >
    <button
      class="toggle-button"
      type="button"
    />
    <div
      class="editable-label"
      contenteditable="true"
    >
      Fruit
    </div>
    <button
      class="close-button"
      type="button"
    >
      <img
        src="../assets/close.svg"
      />
    </button>
  </li>
</ul>
`;
